# F2 Code Quality Review — Evidence Log
## Date: 2026-07-03
## Verdict: ✅ PASS (all automated checks passed; manual compilation check required)

---

### 1. Public API Signature Preservation ✅

**Json.cs — 9 public methods — ALL preserved with identical signatures:**
  [✓] WriteToDisk(string path, string text) → bool
  [✓] ReadFromDisk(string path) → string
  [✓] Serialize(System.Object obj, string path) → bool
  [✓] Serialize(System.Object obj) → string
  [✓] Deserialize<T>(T obj, string path) → bool
  [✓] DeserializeFromString<T>(T obj, string jsonString) → void
  [✓] DeserializeFromString(string typeName, string jsonString) → System.Object
  [✓] Deserialize<T>(string path) → T
  [✓] DeserializeFromString<T>(string jsonString) → T

**JsonData.cs — 5 public members + 2 ISerializationCallbackReceiver methods — ALL preserved:**
  [✓] JsonText { get; } → string
  [✓] Obj { get; } → JsonObject
  [✓] JsonData(Type nodeDataType) constructor
  [✓] Serialize() → void
  [✓] Deserialize() → void
  [✓] OnBeforeSerialize() → void
  [✓] OnAfterDeserialize() → void

Private-only changes: depth parameter added to 4 internal methods + 3 new private methods.

---

### 2. XML Documentation Comments ✅

**Json.cs:**
  [✓] WriteToDisk — <summary>, <param>×2, <returns>
  [✓] ReadFromDisk — <summary>, <param>, <returns>
  [✓] Serialize(obj,path) — <summary>, <param>×2, <returns>
  [✓] Serialize(obj) — <summary>, <param>, <returns>
  [✓] Deserialize<T>(T,string) — <summary>, <param>×2, <typeparam>, <returns>
  [✓] DeserializeFromString<T>(T,string) — <summary>, <param>×2, <typeparam>
  [✓] DeserializeFromString(string,string) — <summary>, <param>×2, <returns>
  [✓] Deserialize<T>(string) — <summary>, <param>, <typeparam>, <returns>
  [✓] DeserializeFromString<T>(string) — <summary>, <param>, <typeparam>, <returns>

**JsonData.cs:**
  [✓] JsonText — <summary>
  [✓] Obj — <summary>
  [✓] Constructor — <summary>, <param>
  [✓] Serialize() — <summary> (with <see cref>)
  [✓] Deserialize() — <summary> (with <see cref>)

---

### 3. TODO / FIXME / HACK / XXX Clean ✅

Grep pattern: \b(TODO|FIXME|HACK|XXX)\b

  [✓] Runtime/HN.Framework.Core/Driver/Common/Serialization/Json.cs — 0 matches
  [✓] Runtime/HN.Framework.Unity/Driver/Platform/Serialization/JsonData.cs — 0 matches
  [✓] Tests/HN.Framework.Unity.Tests/Serialization/JsonRoundtripTests.cs — 0 matches
  [✓] Tests/HN.Framework.Unity.Tests/Serialization/JsonEdgeCaseTests.cs — 0 matches
  [✓] Tests/HN.Framework.Unity.Tests/Serialization/JsonDataTests.cs — 0 matches

---

### 4. Diff Scope Verification ✅

Git diff confirms changes limited to:
  - Runtime/HN.Framework.Core/Driver/Common/Serialization/Json.cs (modified)
  - Runtime/HN.Framework.Unity/Driver/Platform/Serialization/JsonData.cs (modified)
  - Tests/HN.Framework.Unity.Tests/Serialization/ (new: 3 test files)

No asmdef changes. No other module touched.

---

### 5. Warnings Check ⚠️ MANUAL VERIFICATION NEEDED

Cannot verify in current environment. Requires opening Unity Editor:
  Window > General > Console → expected: 0 errors, 0 warnings.
