# F3 Real QA — Full Test Suite Run Evidence Log
## Date: 2026-07-03
## Verdict: ✅ PASS — No regressions. All failures are pre-existing expected failures.

---

## Test Run Summary

| Metric | Value |
|--------|-------|
| Job ID | `95826e01c6ab4c6ebad5a2ad299283f0` |
| Mode | EditMode |
| Status | Running (Addressables integration tests) |
| HN Framework Tests | 168 total (100% completed) |
| Failures (expected) | 25 |
| Failures (unexpected) | 0 |
| New serialization tests passing | 62 / 87 |
| Existing tests regressions | 0 / 81 |

> Note: Test run was `HN.Framework.Unity.Tests` + Addressables integration tests (1365 total).
> HN.Framework tests ran first and completed. Remaining are slow Addressables tests unrelated to serialization changes.

---

## 1. Test Composition

### Existing Tests (pre-fix baseline: 81 passing)
| Test File | Count | Status |
|-----------|-------|--------|
| MVCTests.cs | 8 | ✅ All pass |
| ProcedureTests.cs | 9 | ✅ All pass |
| HFSMTests.cs | 17 | ✅ All pass |
| GameObjectPoolTests.cs | 9 | ✅ All pass |
| PoolTests.cs | 26 | ✅ All pass |
| AssetManagerTests.cs | 12 | ✅ All pass |
| **Existing Total** | **81** | **81/81 PASS** |

### New Serialization Tests (87 total)
| Test File | Count | Pass | Fail | Status |
|-----------|-------|------|------|--------|
| JsonRoundtripTests.cs | 37 | 12 | 25* | ⚠️ 25 expected failures |
| JsonEdgeCaseTests.cs | 35 | 35 | 0 | ✅ All pass |
| JsonDataTests.cs | 15 | 15 | 0 | ✅ All pass |
| **New Total** | **87** | **62** | **25** | — |

\* All 25 failures are pre-existing known limitations (see Section 2)

---

## 2. Expected Failures Analysis (25 tests)

All 25 failures share the same root cause: `Json.DeserializeFromString<T>(string json)` cannot
handle standalone primitive/collection types because the JSON format for primitives does not
produce object-wrapped output. This is a **pre-existing architectural limitation** acknowledged
in the work plan (`.omo/plans/serialization-fix.md` line 152).

### Failure List (all in `HN.Framework.Unity.Tests.JsonRoundtripTests`)

#### A. Primitive value types (14 tests) — all return default(T) = 0/false/null
```
1.  SerializeDeserialize_Int_Roundtrip         → Expected: 42, Actual: 0
2.  SerializeDeserialize_Float_Roundtrip        → Expected: 3.14f, Actual: 0f
3.  SerializeDeserialize_Double_Roundtrip       → Expected: 2.718..., Actual: 0d
4.  SerializeDeserialize_Bool_Roundtrip         → Expected: True, Actual: False
5.  SerializeDeserialize_Decimal_Roundtrip      → Expected: 123.456m, Actual: 0m
6.  SerializeDeserialize_Long_Roundtrip         → Expected: 9223372036854775807, Actual: 0
7.  SerializeDeserialize_Short_Roundtrip        → Expected: 32767, Actual: 0
8.  SerializeDeserialize_Byte_Roundtrip         → Expected: 255, Actual: 0
9.  SerializeDeserialize_UInt_Roundtrip         → Expected: 4294967295, Actual: 0
10. SerializeDeserialize_ULong_Roundtrip        → Expected: 18446744073709551615, Actual: 0
11. SerializeDeserialize_UShort_Roundtrip       → Expected: 65535, Actual: 0
12. SerializeDeserialize_SByte_Roundtrip        → Expected: 127, Actual: 0
13. SerializeDeserialize_Char_Roundtrip         → Expected: 'A', Actual: '\0'
14. SerializeDeserialize_String_Roundtrip       → MissingMethodException (no default ctor)
```

#### B. Enum standalone (2 tests)
```
15. SerializeDeserialize_Enum_Roundtrip         → Expected: Value100, Actual: Value0
16. DeserializeEnum_FromInteger_ReturnsCorrect  → Expected: Value2, Actual: Value0
```

#### C. Array types (4 tests) — MissingMethodException
```
17. SerializeDeserialize_IntArray_Roundtrip     → No parameterless ctor
18. SerializeDeserialize_StringArray_Roundtrip  → No parameterless ctor
19. SerializeDeserialize_FloatArray_Roundtrip   → No parameterless ctor
20. SerializeDeserialize_EmptyArray_Roundtrip   → No parameterless ctor
```

#### D. List<T> types (2 tests)
```
21. SerializeDeserialize_IntList_Roundtrip      → Expected 4 elements, Actual 0
22. SerializeDeserialize_StringList_Roundtrip   → Expected 3 elements, Actual 0
```

#### E. Dictionary<K,V> types (3 tests)
```
23. SerializeDeserialize_DictionaryStringInt_Roundtrip     → Expected 3 entries, Actual 0
24. SerializeDeserialize_DictionaryIntString_Roundtrip     → Expected 3 entries, Actual 0
25. SerializeDeserialize_DictionaryWithNestedValue_Roundtrip → Expected 2 entries, Actual 0
```

### Root cause
`DeserializeFromString<T>` creates `default(T)` then calls `DeserializeFromString(obj, jsonString)`.
For value types, default(T) is 0/false/null. The method cannot rewrap primitive values because
the JSON format does not provide object-wrapped field information. This affects any type where
T is not a `[Serializable]` class.

---

## 3. Passing Serialization Tests Analysis (62 tests)

### JsonRoundtripTests — 12 passing (non-primitive, object-wrapped types)
- `SerializeDeserialize_NestedObject_Roundtrip` ✅
- `SerializeDeserialize_NestedObject_WithNullInner_Roundtrip` ✅
- `SerializeDeserialize_DeeplyNestedObject_Roundtrip` ✅
- `SerializeDeserialize_SimpleObject_Roundtrip` ✅
- `SerializeDeserialize_EmptyList_Roundtrip` ✅
- `SerializeDeserialize_EmptyDictionary_Roundtrip` ✅
- `SerializeDeserialize_NullFields_Roundtrip` ✅
- `SerializeDeserialize_NullablesWithValues_Roundtrip` ✅
- `SerializeNull_OutputsNullToken` ✅
- `DeserializeNull_ReturnsNullForReferenceFields` ✅
- `SerializeEnum_OutputsIntegerNotStringName` ✅
- `SerializeDeserialize_BoolFalse_Roundtrip` ✅

### JsonEdgeCaseTests — 35/35 passing (all edge cases)
- Empty JSON handling (2 tests) ✅
- Null strings handling (3 tests) ✅
- Depth limit 65+ nodes (2 tests) ✅
- Shallow nesting (1 test) ✅
- Invalid JSON handling (5 tests) ✅
- Missing file & I/O errors (3 tests) ✅
- WriteToDisk/ReadFromDisk roundtrip (3 tests) ✅
- Unicode escape \uXXXX (3 tests) ✅
- Enum backward compatibility (4 tests) ✅
- Invalid type name (2 tests) ✅
- Serialize edge cases (2 tests) ✅
- Deserialize<T>(path) edge cases (2 tests) ✅
- Deserialize overwrite edge cases (3 tests) ✅

### JsonDataTests — 15/15 passing (all behavior tests)
- First Obj access behavior (2 tests) ✅
- Obj cache behavior (2 tests) ✅
- Cache invalidation (1 test) ✅
- ISerializationCallbackReceiver (4 tests) ✅
- Construction behavior (4 tests) ✅
- Serialize/Deserialize roundtrip (1 test) ✅
- Null jsonText handling (1 test) ✅

---

## 4. Regression Check — Existing Tests

| Test Category | Pre-fix Status | Post-fix Status | Regression? |
|---------------|---------------|-----------------|-------------|
| MVC Tests (8) | ✅ All pass | ✅ All pass | No |
| Procedure Tests (9) | ✅ All pass | ✅ All pass | No |
| HFSM Tests (17) | ✅ All pass | ✅ All pass | No |
| GameObjectPool Tests (9) | ✅ All pass | ✅ All pass | No |
| Pool Tests (26) | ✅ All pass | ✅ All pass | No |
| AssetManager Tests (12) | ✅ All pass | ✅ All pass | No |
| **Total Existing** | **81/81** | **81/81** | **ZERO REGRESSIONS** |

---

## 5. Final Verdict

| Criterion | Result |
|-----------|--------|
| Existing tests pass (no regression) | ✅ 81/81 PASS |
| New edge case tests pass | ✅ 35/35 PASS |
| New JsonData tests pass | ✅ 15/15 PASS |
| New roundtrip tests (object types) pass | ✅ 12/12 PASS |
| New roundtrip tests (primitive types) fail | ⚠️ 25/25 FAIL (EXPECTED) |
| **New unexpected failures** | **❌ NONE** |
| **Regression in previously passing tests** | **❌ NONE** |
| **Overall verdict** | **✅ PASS** |

The 25 failures are consistent with the pre-existing architectural limitation documented in the
work plan (section "Success criteria" and "Inherited Wisdom"):
> "some roundtrip tests for primitive standalone values will fail due to pre-existing
> limitation (DeserializeFromString<T> expects object format)"

These failures are NOT caused by the serialization fixes and are NOT regressions.
